192.168.65.1 - - [08/Jun/2026:10:25:57 +0000] GET /admin/services/auth/callback/login?code=ad4ed34a-0377-346f-8d74-50e8062bf531&state=%2Fsettings%2Fkey-managers%2F&session_state=fc43a2ecb8d80b26665e3a1ac624996a2a7dab1e0b3989ed4443620e6c172a3c.maGx0UM-HEQH2qgvBJmpJQ HTTP/1.1 302 - https://localhost:9443/admin/settings/key-managers/ Mozilla/5.0 (Macintosh; Intel Mac OS X 10_15_7) AppleWebKit/537.36 (KHTML, like Gecko) Chrome/148.0.0.0 Safari/537.36 0.014
127.0.0.1 - - [08/Jun/2026:10:25:57 +0000] GET /api/am/service-catalog/v1/settings HTTP/1.1 200 102 - Java-http-client/25.0.2 0.004
192.168.65.1 - - [08/Jun/2026:10:25:57 +0000] GET /publisher/services/auth/login?not-Login HTTP/1.1 302 - https://localhost:9443/publisher/apis/940dcbbf-332c-466a-ae0a-45c6b66675fc/overview Mozilla/5.0 (Macintosh; Intel Mac OS X 10_15_7) AppleWebKit/537.36 (KHTML, like Gecko) Chrome/148.0.0.0 Safari/537.36 0.054
192.168.65.1 - - [08/Jun/2026:10:25:57 +0000] GET /admin/settings/key-managers/ HTTP/1.1 200 1214 https://localhost:9443/admin/settings/key-managers/ Mozilla/5.0 (Macintosh; Intel Mac OS X 10_15_7) AppleWebKit/537.36 (KHTML, like Gecko) Chrome/148.0.0.0 Safari/537.36 0.000
192.168.65.1 - - [08/Jun/2026:10:25:57 +0000] GET /oauth2/authorize?response_type=code&client_id=I7LBgz7TKpNdHt9qelSybCj4XPEa&scope=apim:admin%20apim:api_create%20apim:api_definition_view%20apim:api_delete%20apim:api_generate_key%20apim:api_import_export%20apim:api_list_view%20apim:api_manage%20apim:api_mediation_policy_manage%20apim:api_product_import_export%20apim:api_publish%20apim:api_view%20apim:app_import_export%20apim:client_certificates_add%20apim:client_certificates_manage%20apim:client_certificates_update%20apim:client_certificates_view%20apim:comment_manage%20apim:comment_view%20apim:comment_write%20apim:common_operation_policy_manage%20apim:common_operation_policy_view%20apim:document_create%20apim:document_manage%20apim:ep_certificates_add%20apim:ep_certificates_manage%20apim:ep_certificates_update%20apim:ep_certificates_view%20apim:gateway_policy_manage%20apim:gateway_policy_view%20apim:gov_policy_read%20apim:gov_result_read%20apim:gov_rule_read%20apim:llm_provider_read%20apim:mcp_server_create%20apim:mcp_server_delete%20apim:mcp_server_generate_key%20apim:mcp_server_import_export%20apim:mcp_server_list_view%20apim:mcp_server_manage%20apim:mcp_server_publish%20apim:mcp_server_view%20apim:mediation_policy_create%20apim:mediation_policy_manage%20apim:mediation_policy_view%20apim:policies_import_export%20apim:pub_alert_manage%20apim:publisher_organization_read%20apim:publisher_settings%20apim:shared_scope_manage%20apim:subscription_approval_manage%20apim:subscription_approval_view%20apim:subscription_block%20apim:subscription_manage%20apim:subscription_view%20apim:threat_protection_policy_create%20apim:threat_protection_policy_manage%20apim:tier_manage%20apim:tier_view%20openid%20apim:api_view%20service_catalog:service_view%20service_catalog:service_write&state=%2Fapis%2F940dcbbf-332c-466a-ae0a-45c6b66675fc%2Foverview&redirect_uri=https://localhost:9443/publisher/services/auth/callback/login&prompt=none HTTP/1.1 302 - https://localhost:9443/publisher/apis/940dcbbf-332c-466a-ae0a-45c6b66675fc/overview Mozilla/5.0 (Macintosh; Intel Mac OS X 10_15_7) AppleWebKit/537.36 (KHTML, like Gecko) Chrome/148.0.0.0 Safari/537.36 0.005
192.168.65.1 - - [08/Jun/2026:10:25:57 +0000] GET /admin/services/settings/settings.js HTTP/1.1 200 834 https://localhost:9443/admin/settings/key-managers/ Mozilla/5.0 (Macintosh; Intel Mac OS X 10_15_7) AppleWebKit/537.36 (KHTML, like Gecko) Chrome/148.0.0.0 Safari/537.36 0.001
127.0.0.1 - - [08/Jun/2026:10:25:57 +0000] POST /oauth2/token HTTP/1.1 200 2921 - Java-http-client/25.0.2 0.004
192.168.65.1 - - [08/Jun/2026:10:25:57 +0000] GET /publisher/services/auth/callback/login?code=247b1113-e9bc-3107-b2ed-1dcac18f62d6&state=%2Fapis%2F940dcbbf-332c-466a-ae0a-45c6b66675fc%2Foverview&session_state=764c6420c45beb34a20bff0b3f236c0d1b1fa50f54652519718ecb14b1f33ffe.XIS7OP35MxjFQWv3o69HGg HTTP/1.1 302 - https://localhost:9443/publisher/apis/940dcbbf-332c-466a-ae0a-45c6b66675fc/overview Mozilla/5.0 (Macintosh; Intel Mac OS X 10_15_7) AppleWebKit/537.36 (KHTML, like Gecko) Chrome/148.0.0.0 Safari/537.36 0.011
192.168.65.1 - - [08/Jun/2026:10:25:57 +0000] GET /publisher/apis/940dcbbf-332c-466a-ae0a-45c6b66675fc/overview HTTP/1.1 200 1713 https://localhost:9443/publisher/apis/940dcbbf-332c-466a-ae0a-45c6b66675fc/overview Mozilla/5.0 (Macintosh; Intel Mac OS X 10_15_7) AppleWebKit/537.36 (KHTML, like Gecko) Chrome/148.0.0.0 Safari/537.36 0.001
192.168.65.1 - - [08/Jun/2026:10:25:57 +0000] GET /publisher/site/public/conf/portalSettings.js HTTP/1.1 200 704 https://localhost:9443/publisher/apis/940dcbbf-332c-466a-ae0a-45c6b66675fc/overview Mozilla/5.0 (Macintosh; Intel Mac OS X 10_15_7) AppleWebKit/537.36 (KHTML, like Gecko) Chrome/148.0.0.0 Safari/537.36 0.002
192.168.65.1 - - [08/Jun/2026:10:25:57 +0000] GET /admin/site/public/locales/fr.json HTTP/1.1 200 127299 https://localhost:9443/admin/settings/key-managers/ Mozilla/5.0 (Macintosh; Intel Mac OS X 10_15_7) AppleWebKit/537.36 (KHTML, like Gecko) Chrome/148.0.0.0 Safari/537.36 0.002
192.168.65.1 - - [08/Jun/2026:10:25:57 +0000] GET /publisher/services/settings/settings.js HTTP/1.1 200 1643 https://localhost:9443/publisher/apis/940dcbbf-332c-466a-ae0a-45c6b66675fc/overview Mozilla/5.0 (Macintosh; Intel Mac OS X 10_15_7) AppleWebKit/537.36 (KHTML, like Gecko) Chrome/148.0.0.0 Safari/537.36 0.003
192.168.65.1 - - [08/Jun/2026:10:25:57 +0000] GET /publisher/site/public/locales/fr.json HTTP/1.1 200 47652 https://localhost:9443/publisher/apis/940dcbbf-332c-466a-ae0a-45c6b66675fc/overview Mozilla/5.0 (Macintosh; Intel Mac OS X 10_15_7) AppleWebKit/537.36 (KHTML, like Gecko) Chrome/148.0.0.0 Safari/537.36 0.001
192.168.65.1 - - [08/Jun/2026:10:25:57 +0000] GET /admin/site/public/dist/ProtectedApps.1766923dac8126b8cfd4.bundle.js HTTP/1.1 200 223843 https://localhost:9443/admin/settings/key-managers/ Mozilla/5.0 (Macintosh; Intel Mac OS X 10_15_7) AppleWebKit/537.36 (KHTML, like Gecko) Chrome/148.0.0.0 Safari/537.36 0.024
192.168.65.1 - - [08/Jun/2026:10:25:57 +0000] GET /oidc/checksession?client_id=I7LBgz7TKpNdHt9qelSybCj4XPEa&redirect_uri=https://localhost:9443/publisher/services/auth/callback/login HTTP/1.1 200 3134 https://localhost:9443/publisher/apis/940dcbbf-332c-466a-ae0a-45c6b66675fc/overview Mozilla/5.0 (Macintosh; Intel Mac OS X 10_15_7) AppleWebKit/537.36 (KHTML, like Gecko) Chrome/148.0.0.0 Safari/537.36 0.002
192.168.65.1 - - [08/Jun/2026:10:25:57 +0000] GET /publisher/site/public/dist/ProtectedApps.712b215d04c314637b78.bundle.js HTTP/1.1 200 200641 https://localhost:9443/publisher/apis/940dcbbf-332c-466a-ae0a-45c6b66675fc/overview Mozilla/5.0 (Macintosh; Intel Mac OS X 10_15_7) AppleWebKit/537.36 (KHTML, like Gecko) Chrome/148.0.0.0 Safari/537.36 0.025
192.168.65.1 - - [08/Jun/2026:10:25:57 +0000] GET /publisher/site/public/dist/3924.f7d1eed55fba8ad71db6.bundle.js HTTP/1.1 200 1403399 https://localhost:9443/publisher/apis/940dcbbf-332c-466a-ae0a-45c6b66675fc/overview Mozilla/5.0 (Macintosh; Intel Mac OS X 10_15_7) AppleWebKit/537.36 (KHTML, like Gecko) Chrome/148.0.0.0 Safari/537.36 0.122
192.168.65.1 - - [08/Jun/2026:10:25:57 +0000] GET /admin/site/public/dist/1914.06211cd6bb8e4582c147.bundle.js HTTP/1.1 200 1951314 https://localhost:9443/admin/settings/key-managers/ Mozilla/5.0 (Macintosh; Intel Mac OS X 10_15_7) AppleWebKit/537.36 (KHTML, like Gecko) Chrome/148.0.0.0 Safari/537.36 0.174
192.168.65.1 - - [08/Jun/2026:10:25:58 +0000] GET /publisher/site/public/dist/4005.6f99da9699e2c371920a.bundle.js HTTP/1.1 200 9829 https://localhost:9443/publisher/apis/940dcbbf-332c-466a-ae0a-45c6b66675fc/overview Mozilla/5.0 (Macintosh; Intel Mac OS X 10_15_7) AppleWebKit/537.36 (KHTML, like Gecko) Chrome/148.0.0.0 Safari/537.36 0.005
192.168.65.1 - - [08/Jun/2026:10:25:58 +0000] GET /publisher/site/public/dist/DeferredAPIs.84cb0a12a15f3844c02b.bundle.js HTTP/1.1 200 26238 https://localhost:9443/publisher/apis/940dcbbf-332c-466a-ae0a-45c6b66675fc/overview Mozilla/5.0 (Macintosh; Intel Mac OS X 10_15_7) AppleWebKit/537.36 (KHTML, like Gecko) Chrome/148.0.0.0 Safari/537.36 0.007
192.168.65.1 - - [08/Jun/2026:10:25:58 +0000] GET /publisher/site/public/dist/2608.be9038c1a1c7bc68a089.bundle.js HTTP/1.1 200 111 https://localhost:9443/publisher/apis/940dcbbf-332c-466a-ae0a-45c6b66675fc/overview Mozilla/5.0 (Macintosh; Intel Mac OS X 10_15_7) AppleWebKit/537.36 (KHTML, like Gecko) Chrome/148.0.0.0 Safari/537.36 0.002
192.168.65.1 - - [08/Jun/2026:10:25:58 +0000] GET /publisher/site/public/dist/2264.5c86c8a959bf4bc35128.bundle.js HTTP/1.1 200 16151 https://localhost:9443/publisher/apis/940dcbbf-332c-466a-ae0a-45c6b66675fc/overview Mozilla/5.0 (Macintosh; Intel Mac OS X 10_15_7) AppleWebKit/537.36 (KHTML, like Gecko) Chrome/148.0.0.0 Safari/537.36 0.003
192.168.65.1 - - [08/Jun/2026:10:25:58 +0000] GET /publisher/site/public/dist/APICreateRoutes.882e5394e5df60f0c14b.bundle.js HTTP/1.1 200 33501 https://localhost:9443/publisher/apis/940dcbbf-332c-466a-ae0a-45c6b66675fc/overview Mozilla/5.0 (Macintosh; Intel Mac OS X 10_15_7) AppleWebKit/537.36 (KHTML, like Gecko) Chrome/148.0.0.0 Safari/537.36 0.004
192.168.65.1 - - [08/Jun/2026:10:25:58 +0000] GET /publisher/site/public/dist/7667.a7acecc754f51cd085c8.bundle.js HTTP/1.1 200 353148 https://localhost:9443/publisher/apis/940dcbbf-332c-466a-ae0a-45c6b66675fc/overview Mozilla/5.0 (Macintosh; Intel Mac OS X 10_15_7) AppleWebKit/537.36 (KHTML, like Gecko) Chrome/148.0.0.0 Safari/537.36 0.059
192.168.65.1 - - [08/Jun/2026:10:25:58 +0000] GET /publisher/site/public/dist/3537.eb56e7ea5c0af4345af5.bundle.js HTTP/1.1 200 450014 https://localhost:9443/publisher/apis/940dcbbf-332c-466a-ae0a-45c6b66675fc/overview Mozilla/5.0 (Macintosh; Intel Mac OS X 10_15_7) AppleWebKit/537.36 (KHTML, like Gecko) Chrome/148.0.0.0 Safari/537.36 0.047
192.168.65.1 - - [08/Jun/2026:10:25:58 +0000] GET /publisher/site/public/dist/2264.5c86c8a959bf4bc35128.bundle.js HTTP/1.1 200 16151 https://localhost:9443/publisher/apis/940dcbbf-332c-466a-ae0a-45c6b66675fc/overview Mozilla/5.0 (Macintosh; Intel Mac OS X 10_15_7) AppleWebKit/537.36 (KHTML, like Gecko) Chrome/148.0.0.0 Safari/537.36 0.004
192.168.65.1 - - [08/Jun/2026:10:25:58 +0000] GET /oidc/checksession?client_id=G3sY0ua7ysyInF10fH2KrwdfGLEa&redirect_uri=https://localhost:9443/admin/services/auth/callback/login HTTP/1.1 200 3134 https://localhost:9443/admin/settings/key-managers/ Mozilla/5.0 (Macintosh; Intel Mac OS X 10_15_7) AppleWebKit/537.36 (KHTML, like Gecko) Chrome/148.0.0.0 Safari/537.36 0.004
192.168.65.1 - - [08/Jun/2026:10:25:58 +0000] GET /api/am/admin/v4/swagger.yaml HTTP/1.1 200 30655 https://localhost:9443/admin/settings/key-managers/ Mozilla/5.0 (Macintosh; Intel Mac OS X 10_15_7) AppleWebKit/537.36 (KHTML, like Gecko) Chrome/148.0.0.0 Safari/537.36 0.009
192.168.65.1 - - [08/Jun/2026:10:25:58 +0000] GET /publisher/site/public/dist/DeferredDetails.99dabe413fa3ead52712.bundle.js HTTP/1.1 200 390013 https://localhost:9443/publisher/apis/940dcbbf-332c-466a-ae0a-45c6b66675fc/overview Mozilla/5.0 (Macintosh; Intel Mac OS X 10_15_7) AppleWebKit/537.36 (KHTML, like Gecko) Chrome/148.0.0.0 Safari/537.36 0.044
192.168.65.1 - - [08/Jun/2026:10:25:58 +0000] GET /publisher/site/public/dist/3537.eb56e7ea5c0af4345af5.bundle.js HTTP/1.1 200 450014 https://localhost:9443/publisher/apis/940dcbbf-332c-466a-ae0a-45c6b66675fc/overview Mozilla/5.0 (Macintosh; Intel Mac OS X 10_15_7) AppleWebKit/537.36 (KHTML, like Gecko) Chrome/148.0.0.0 Safari/537.36 0.061
192.168.65.1 - - [08/Jun/2026:10:25:58 +0000] GET /publisher/site/public/dist/7211.7930847c4543d136cfa1.bundle.js HTTP/1.1 200 1019618 https://localhost:9443/publisher/apis/940dcbbf-332c-466a-ae0a-45c6b66675fc/overview Mozilla/5.0 (Macintosh; Intel Mac OS X 10_15_7) AppleWebKit/537.36 (KHTML, like Gecko) Chrome/148.0.0.0 Safari/537.36 0.102
192.168.65.1 - - [08/Jun/2026:10:25:58 +0000] GET /api/am/admin/v4/tenant-info/YWRtaW5AY2FyYm9uLnN1cGVy HTTP/1.1 200 80 https://localhost:9443/admin/settings/key-managers/ Mozilla/5.0 (Macintosh; Intel Mac OS X 10_15_7) AppleWebKit/537.36 (KHTML, like Gecko) Chrome/148.0.0.0 Safari/537.36 0.009
192.168.65.1 - - [08/Jun/2026:10:25:58 +0000] GET /api/am/admin/v4/settings HTTP/1.1 200 3565 https://localhost:9443/admin/settings/key-managers/ Mozilla/5.0 (Macintosh; Intel Mac OS X 10_15_7) AppleWebKit/537.36 (KHTML, like Gecko) Chrome/148.0.0.0 Safari/537.36 0.052
192.168.65.1 - - [08/Jun/2026:10:25:58 +0000] GET /admin/site/public/images/logo.svg HTTP/1.1 200 12504 https://localhost:9443/admin/settings/key-managers/ Mozilla/5.0 (Macintosh; Intel Mac OS X 10_15_7) AppleWebKit/537.36 (KHTML, like Gecko) Chrome/148.0.0.0 Safari/537.36 0.002
192.168.65.1 - - [08/Jun/2026:10:25:58 +0000] GET /api/am/admin/v4/global-key-managers HTTP/1.1 200 21 https://localhost:9443/admin/settings/key-managers/ Mozilla/5.0 (Macintosh; Intel Mac OS X 10_15_7) AppleWebKit/537.36 (KHTML, like Gecko) Chrome/148.0.0.0 Safari/537.36 0.004
127.0.0.1 - - [08/Jun/2026:10:25:58 +0000] GET /oauth2/token/.well-known/openid-configuration HTTP/1.1 200 2404 - Apache-HttpClient/4.5.14 (Java/25.0.2) 0.002
192.168.65.1 - - [08/Jun/2026:10:25:58 +0000] GET /api/am/admin/v4/key-managers HTTP/1.1 200 413 https://localhost:9443/admin/settings/key-managers/ Mozilla/5.0 (Macintosh; Intel Mac OS X 10_15_7) AppleWebKit/537.36 (KHTML, like Gecko) Chrome/148.0.0.0 Safari/537.36 0.026
192.168.65.1 - - [08/Jun/2026:10:25:59 +0000] GET /api/am/publisher/v4/swagger.yaml HTTP/1.1 200 68070 https://localhost:9443/publisher/apis/940dcbbf-332c-466a-ae0a-45c6b66675fc/overview Mozilla/5.0 (Macintosh; Intel Mac OS X 10_15_7) AppleWebKit/537.36 (KHTML, like Gecko) Chrome/148.0.0.0 Safari/537.36 0.012
192.168.65.1 - - [08/Jun/2026:10:25:59 +0000] GET /api/am/publisher/v4/tenants?state=active HTTP/1.1 200 96 https://localhost:9443/publisher/apis/940dcbbf-332c-466a-ae0a-45c6b66675fc/overview Mozilla/5.0 (Macintosh; Intel Mac OS X 10_15_7) AppleWebKit/537.36 (KHTML, like Gecko) Chrome/148.0.0.0 Safari/537.36 0.012
192.168.65.1 - - [08/Jun/2026:10:25:59 +0000] GET /api/am/publisher/v4/apis/940dcbbf-332c-466a-ae0a-45c6b66675fc HTTP/1.1 200 1391 https://localhost:9443/publisher/apis/940dcbbf-332c-466a-ae0a-45c6b66675fc/overview Mozilla/5.0 (Macintosh; Intel Mac OS X 10_15_7) AppleWebKit/537.36 (KHTML, like Gecko) Chrome/148.0.0.0 Safari/537.36 0.040
192.168.65.1 - - [08/Jun/2026:10:25:59 +0000] GET /api/am/publisher/v4/settings HTTP/1.1 200 1597 https://localhost:9443/publisher/apis/940dcbbf-332c-466a-ae0a-45c6b66675fc/overview Mozilla/5.0 (Macintosh; Intel Mac OS X 10_15_7) AppleWebKit/537.36 (KHTML, like Gecko) Chrome/148.0.0.0 Safari/537.36 0.129
192.168.65.1 - - [08/Jun/2026:10:25:59 +0000] GET /api/am/publisher/v4/apis/940dcbbf-332c-466a-ae0a-45c6b66675fc/revisions HTTP/1.1 200 486 https://localhost:9443/publisher/apis/940dcbbf-332c-466a-ae0a-45c6b66675fc/overview Mozilla/5.0 (Macintosh; Intel Mac OS X 10_15_7) AppleWebKit/537.36 (KHTML, like Gecko) Chrome/148.0.0.0 Safari/537.36 0.005
192.168.65.1 - - [08/Jun/2026:10:25:59 +0000] GET /api/am/publisher/v4/apis/940dcbbf-332c-466a-ae0a-45c6b66675fc/revisions?query=deployed%3Atrue HTTP/1.1 200 486 https://localhost:9443/publisher/apis/940dcbbf-332c-466a-ae0a-45c6b66675fc/overview Mozilla/5.0 (Macintosh; Intel Mac OS X 10_15_7) AppleWebKit/537.36 (KHTML, like Gecko) Chrome/148.0.0.0 Safari/537.36 0.005
192.168.65.1 - - [08/Jun/2026:10:25:59 +0000] GET /api/am/publisher/v4/me/organization-information HTTP/1.1 200 35 https://localhost:9443/publisher/apis/940dcbbf-332c-466a-ae0a-45c6b66675fc/overview Mozilla/5.0 (Macintosh; Intel Mac OS X 10_15_7) AppleWebKit/537.36 (KHTML, like Gecko) Chrome/148.0.0.0 Safari/537.36 0.002
192.168.65.1 - - [08/Jun/2026:10:25:59 +0000] GET /api/am/publisher/v4/apis/940dcbbf-332c-466a-ae0a-45c6b66675fc/revisions?query=deployed%3Atrue HTTP/1.1 200 486 https://localhost:9443/publisher/apis/940dcbbf-332c-466a-ae0a-45c6b66675fc/overview Mozilla/5.0 (Macintosh; Intel Mac OS X 10_15_7) AppleWebKit/537.36 (KHTML, like Gecko) Chrome/148.0.0.0 Safari/537.36 0.003
192.168.65.1 - - [08/Jun/2026:10:25:59 +0000] GET /api/am/publisher/v4/apis/940dcbbf-332c-466a-ae0a-45c6b66675fc/swagger HTTP/1.1 200 1326 https://localhost:9443/publisher/apis/940dcbbf-332c-466a-ae0a-45c6b66675fc/overview Mozilla/5.0 (Macintosh; Intel Mac OS X 10_15_7) AppleWebKit/537.36 (KHTML, like Gecko) Chrome/148.0.0.0 Safari/537.36 0.008
192.168.65.1 - - [08/Jun/2026:10:25:59 +0000] GET /api/am/publisher/v4/settings HTTP/1.1 200 1597 https://localhost:9443/publisher/apis/940dcbbf-332c-466a-ae0a-45c6b66675fc/overview Mozilla/5.0 (Macintosh; Intel Mac OS X 10_15_7) AppleWebKit/537.36 (KHTML, like Gecko) Chrome/148.0.0.0 Safari/537.36 0.052
192.168.65.1 - - [08/Jun/2026:10:26:00 +0000] GET /api/am/devportal/v3/throttling-policies/application HTTP/1.1 200 473 https://localhost:9443/devportal/applications/create Mozilla/5.0 (Macintosh; Intel Mac OS X 10_15_7) AppleWebKit/537.36 (KHTML, like Gecko) Chrome/148.0.0.0 Safari/537.36 0.008
192.168.65.1 - - [08/Jun/2026:10:26:00 +0000] GET /api/am/devportal/v3/settings/application-attributes HTTP/1.1 200 21 https://localhost:9443/devportal/applications/create Mozilla/5.0 (Macintosh; Intel Mac OS X 10_15_7) AppleWebKit/537.36 (KHTML, like Gecko) Chrome/148.0.0.0 Safari/537.36 0.010
127.0.0.1 - - [08/Jun/2026:10:26:15 +0000] POST /internal/data/v1/notify-gateway HTTP/1.1 200 76 - Apache-HttpClient/4.5.14 (Java/25.0.2) 0.015
127.0.0.1 - - [08/Jun/2026:10:26:17 +0000] GET /carbon/admin/login.jsp HTTP/1.1 200 16258 - curl/8.5.0 0.009
192.168.65.1 - - [08/Jun/2026:10:26:44 +0000] POST /api/am/devportal/v3/applications HTTP/1.1 201 389 https://localhost:9443/devportal/applications/create Mozilla/5.0 (Macintosh; Intel Mac OS X 10_15_7) AppleWebKit/537.36 (KHTML, like Gecko) Chrome/148.0.0.0 Safari/537.36 0.204
192.168.65.1 - - [08/Jun/2026:10:26:44 +0000] GET /devportal/site/public/dist/5279.1617c38cd85db794234c.bundle.js HTTP/1.1 200 7758 https://localhost:9443/devportal/applications/000a6f2f-b3e8-4c91-9789-b388f72ee05b Mozilla/5.0 (Macintosh; Intel Mac OS X 10_15_7) AppleWebKit/537.36 (KHTML, like Gecko) Chrome/148.0.0.0 Safari/537.36 0.004
192.168.65.1 - - [08/Jun/2026:10:26:44 +0000] GET /devportal/site/public/dist/2724.daea15afaced079be8f3.bundle.js HTTP/1.1 200 7038 https://localhost:9443/devportal/applications/000a6f2f-b3e8-4c91-9789-b388f72ee05b Mozilla/5.0 (Macintosh; Intel Mac OS X 10_15_7) AppleWebKit/537.36 (KHTML, like Gecko) Chrome/148.0.0.0 Safari/537.36 0.003
192.168.65.1 - - [08/Jun/2026:10:26:44 +0000] GET /devportal/site/public/dist/2543.ba1632caf1f14ac3ae24.bundle.js HTTP/1.1 200 25377 https://localhost:9443/devportal/applications/000a6f2f-b3e8-4c91-9789-b388f72ee05b Mozilla/5.0 (Macintosh; Intel Mac OS X 10_15_7) AppleWebKit/537.36 (KHTML, like Gecko) Chrome/148.0.0.0 Safari/537.36 0.006
192.168.65.1 - - [08/Jun/2026:10:26:44 +0000] GET /devportal/site/public/dist/8172.a07947ae9cf09702317c.bundle.js HTTP/1.1 200 23738 https://localhost:9443/devportal/applications/000a6f2f-b3e8-4c91-9789-b388f72ee05b Mozilla/5.0 (Macintosh; Intel Mac OS X 10_15_7) AppleWebKit/537.36 (KHTML, like Gecko) Chrome/148.0.0.0 Safari/537.36 0.006
192.168.65.1 - - [08/Jun/2026:10:26:44 +0000] GET /devportal/site/public/dist/ApplicationDetails.3607a695087b979bbf51.bundle.js HTTP/1.1 200 23777 https://localhost:9443/devportal/applications/000a6f2f-b3e8-4c91-9789-b388f72ee05b Mozilla/5.0 (Macintosh; Intel Mac OS X 10_15_7) AppleWebKit/537.36 (KHTML, like Gecko) Chrome/148.0.0.0 Safari/537.36 0.007
192.168.65.1 - - [08/Jun/2026:10:26:44 +0000] GET /api/am/devportal/v3/applications/000a6f2f-b3e8-4c91-9789-b388f72ee05b HTTP/1.1 200 390 https://localhost:9443/devportal/applications/000a6f2f-b3e8-4c91-9789-b388f72ee05b Mozilla/5.0 (Macintosh; Intel Mac OS X 10_15_7) AppleWebKit/537.36 (KHTML, like Gecko) Chrome/148.0.0.0 Safari/537.36 0.009
192.168.65.1 - - [08/Jun/2026:10:26:44 +0000] GET /devportal/site/public/images/leftMenuBack.png HTTP/1.1 200 5308 https://localhost:9443/devportal/applications/000a6f2f-b3e8-4c91-9789-b388f72ee05b/overview Mozilla/5.0 (Macintosh; Intel Mac OS X 10_15_7) AppleWebKit/537.36 (KHTML, like Gecko) Chrome/148.0.0.0 Safari/537.36 0.002
192.168.65.1 - - [08/Jun/2026:10:26:44 +0000] GET /api/am/devportal/v3/applications/000a6f2f-b3e8-4c91-9789-b388f72ee05b HTTP/1.1 200 390 https://localhost:9443/devportal/applications/000a6f2f-b3e8-4c91-9789-b388f72ee05b/overview Mozilla/5.0 (Macintosh; Intel Mac OS X 10_15_7) AppleWebKit/537.36 (KHTML, like Gecko) Chrome/148.0.0.0 Safari/537.36 0.004
192.168.65.1 - - [08/Jun/2026:10:26:44 +0000] GET /api/am/devportal/v3/throttling-policies/application/Unlimited HTTP/1.1 200 490 https://localhost:9443/devportal/applications/000a6f2f-b3e8-4c91-9789-b388f72ee05b/overview Mozilla/5.0 (Macintosh; Intel Mac OS X 10_15_7) AppleWebKit/537.36 (KHTML, like Gecko) Chrome/148.0.0.0 Safari/537.36 0.006
127.0.0.1 - - [08/Jun/2026:10:26:45 +0000] POST /internal/data/v1/notify-gateway HTTP/1.1 200 76 - Apache-HttpClient/4.5.14 (Java/25.0.2) 0.012
127.0.0.1 - - [08/Jun/2026:10:26:47 +0000] GET /carbon/admin/login.jsp HTTP/1.1 200 16258 - curl/8.5.0 0.013
192.168.65.1 - - [08/Jun/2026:10:26:49 +0000] GET /api/am/devportal/v3/swagger.yaml HTTP/1.1 200 36635 https://localhost:9443/devportal/applications/000a6f2f-b3e8-4c91-9789-b388f72ee05b/productionkeys/oauth Mozilla/5.0 (Macintosh; Intel Mac OS X 10_15_7) AppleWebKit/537.36 (KHTML, like Gecko) Chrome/148.0.0.0 Safari/537.36 0.027
127.0.0.1 - - [08/Jun/2026:10:26:49 +0000] GET /oauth2/token/.well-known/openid-configuration HTTP/1.1 200 2404 - Apache-HttpClient/4.5.14 (Java/25.0.2) 0.006
192.168.65.1 - - [08/Jun/2026:10:26:49 +0000] GET /api/am/devportal/v3/key-managers HTTP/1.1 200 1233 https://localhost:9443/devportal/applications/000a6f2f-b3e8-4c91-9789-b388f72ee05b/productionkeys/oauth Mozilla/5.0 (Macintosh; Intel Mac OS X 10_15_7) AppleWebKit/537.36 (KHTML, like Gecko) Chrome/148.0.0.0 Safari/537.36 0.078
192.168.65.1 - - [08/Jun/2026:10:26:49 +0000] GET /api/am/devportal/v3/applications/000a6f2f-b3e8-4c91-9789-b388f72ee05b HTTP/1.1 200 390 https://localhost:9443/devportal/applications/000a6f2f-b3e8-4c91-9789-b388f72ee05b/productionkeys/oauth Mozilla/5.0 (Macintosh; Intel Mac OS X 10_15_7) AppleWebKit/537.36 (KHTML, like Gecko) Chrome/148.0.0.0 Safari/537.36 0.006
192.168.65.1 - - [08/Jun/2026:10:26:49 +0000] GET /api/am/devportal/v3/applications/000a6f2f-b3e8-4c91-9789-b388f72ee05b/oauth-keys HTTP/1.1 200 21 https://localhost:9443/devportal/applications/000a6f2f-b3e8-4c91-9789-b388f72ee05b/productionkeys/oauth Mozilla/5.0 (Macintosh; Intel Mac OS X 10_15_7) AppleWebKit/537.36 (KHTML, like Gecko) Chrome/148.0.0.0 Safari/537.36 0.004
192.168.65.1 - - [08/Jun/2026:10:26:49 +0000] GET /api/am/devportal/v3/swagger.yaml HTTP/1.1 200 36635 https://localhost:9443/devportal/applications/000a6f2f-b3e8-4c91-9789-b388f72ee05b/productionkeys/oauth Mozilla/5.0 (Macintosh; Intel Mac OS X 10_15_7) AppleWebKit/537.36 (KHTML, like Gecko) Chrome/148.0.0.0 Safari/537.36 0.009
192.168.65.1 - - [08/Jun/2026:10:26:49 +0000] GET /api/am/devportal/v3/swagger.yaml HTTP/1.1 200 36635 https://localhost:9443/devportal/applications/000a6f2f-b3e8-4c91-9789-b388f72ee05b/productionkeys/oauth Mozilla/5.0 (Macintosh; Intel Mac OS X 10_15_7) AppleWebKit/537.36 (KHTML, like Gecko) Chrome/148.0.0.0 Safari/537.36 0.006
192.168.65.1 - - [08/Jun/2026:10:26:49 +0000] GET /api/am/devportal/v3/applications/000a6f2f-b3e8-4c91-9789-b388f72ee05b HTTP/1.1 200 390 https://localhost:9443/devportal/applications/000a6f2f-b3e8-4c91-9789-b388f72ee05b/productionkeys/oauth Mozilla/5.0 (Macintosh; Intel Mac OS X 10_15_7) AppleWebKit/537.36 (KHTML, like Gecko) Chrome/148.0.0.0 Safari/537.36 0.004
192.168.65.1 - - [08/Jun/2026:10:26:49 +0000] GET /api/am/devportal/v3/applications/000a6f2f-b3e8-4c91-9789-b388f72ee05b HTTP/1.1 200 390 https://localhost:9443/devportal/applications/000a6f2f-b3e8-4c91-9789-b388f72ee05b/productionkeys/oauth Mozilla/5.0 (Macintosh; Intel Mac OS X 10_15_7) AppleWebKit/537.36 (KHTML, like Gecko) Chrome/148.0.0.0 Safari/537.36 0.004
192.168.65.1 - - [08/Jun/2026:10:26:49 +0000] GET /api/am/devportal/v3/applications/000a6f2f-b3e8-4c91-9789-b388f72ee05b/oauth-keys HTTP/1.1 200 21 https://localhost:9443/devportal/applications/000a6f2f-b3e8-4c91-9789-b388f72ee05b/productionkeys/oauth Mozilla/5.0 (Macintosh; Intel Mac OS X 10_15_7) AppleWebKit/537.36 (KHTML, like Gecko) Chrome/148.0.0.0 Safari/537.36 0.004
192.168.65.1 - - [08/Jun/2026:10:26:51 +0000] GET /api/am/devportal/v3/swagger.yaml HTTP/1.1 200 36635 https://localhost:9443/devportal/applications/000a6f2f-b3e8-4c91-9789-b388f72ee05b/productionkeys/oauth Mozilla/5.0 (Macintosh; Intel Mac OS X 10_15_7) AppleWebKit/537.36 (KHTML, like Gecko) Chrome/148.0.0.0 Safari/537.36 0.014
192.168.65.1 - - [08/Jun/2026:10:26:51 +0000] GET /api/am/devportal/v3/swagger.yaml HTTP/1.1 200 36635 https://localhost:9443/devportal/applications/000a6f2f-b3e8-4c91-9789-b388f72ee05b/productionkeys/oauth Mozilla/5.0 (Macintosh; Intel Mac OS X 10_15_7) AppleWebKit/537.36 (KHTML, like Gecko) Chrome/148.0.0.0 Safari/537.36 0.015
192.168.65.1 - - [08/Jun/2026:10:26:51 +0000] GET /api/am/devportal/v3/applications/000a6f2f-b3e8-4c91-9789-b388f72ee05b HTTP/1.1 200 390 https://localhost:9443/devportal/applications/000a6f2f-b3e8-4c91-9789-b388f72ee05b/productionkeys/oauth Mozilla/5.0 (Macintosh; Intel Mac OS X 10_15_7) AppleWebKit/537.36 (KHTML, like Gecko) Chrome/148.0.0.0 Safari/537.36 0.003
192.168.65.1 - - [08/Jun/2026:10:26:51 +0000] GET /api/am/devportal/v3/applications/000a6f2f-b3e8-4c91-9789-b388f72ee05b HTTP/1.1 200 390 https://localhost:9443/devportal/applications/000a6f2f-b3e8-4c91-9789-b388f72ee05b/productionkeys/oauth Mozilla/5.0 (Macintosh; Intel Mac OS X 10_15_7) AppleWebKit/537.36 (KHTML, like Gecko) Chrome/148.0.0.0 Safari/537.36 0.005
192.168.65.1 - - [08/Jun/2026:10:26:51 +0000] GET /api/am/devportal/v3/applications/000a6f2f-b3e8-4c91-9789-b388f72ee05b/oauth-keys HTTP/1.1 200 21 https://localhost:9443/devportal/applications/000a6f2f-b3e8-4c91-9789-b388f72ee05b/productionkeys/oauth Mozilla/5.0 (Macintosh; Intel Mac OS X 10_15_7) AppleWebKit/537.36 (KHTML, like Gecko) Chrome/148.0.0.0 Safari/537.36 0.003
192.168.65.1 - - [08/Jun/2026:10:26:58 +0000] POST /api/am/devportal/v3/applications/000a6f2f-b3e8-4c91-9789-b388f72ee05b/generate-keys HTTP/1.1 500 104 https://localhost:9443/devportal/applications/000a6f2f-b3e8-4c91-9789-b388f72ee05b/productionkeys/oauth Mozilla/5.0 (Macintosh; Intel Mac OS X 10_15_7) AppleWebKit/537.36 (KHTML, like Gecko) Chrome/148.0.0.0 Safari/537.36 0.254
192.168.65.1 - - [08/Jun/2026:10:26:58 +0000] GET /api/am/devportal/v3/applications/000a6f2f-b3e8-4c91-9789-b388f72ee05b/oauth-keys HTTP/1.1 200 376 https://localhost:9443/devportal/applications/000a6f2f-b3e8-4c91-9789-b388f72ee05b/productionkeys/oauth Mozilla/5.0 (Macintosh; Intel Mac OS X 10_15_7) AppleWebKit/537.36 (KHTML, like Gecko) Chrome/148.0.0.0 Safari/537.36 0.007
127.0.0.1 - - [08/Jun/2026:10:26:58 +0000] GET /oauth2/token/.well-known/openid-configuration HTTP/1.1 200 2404 - Apache-HttpClient/4.5.14 (Java/25.0.2) 0.003
192.168.65.1 - - [08/Jun/2026:10:26:58 +0000] GET /api/am/devportal/v3/key-managers HTTP/1.1 200 1233 https://localhost:9443/devportal/applications/000a6f2f-b3e8-4c91-9789-b388f72ee05b/productionkeys/oauth Mozilla/5.0 (Macintosh; Intel Mac OS X 10_15_7) AppleWebKit/537.36 (KHTML, like Gecko) Chrome/148.0.0.0 Safari/537.36 0.019
127.0.0.1 - - [08/Jun/2026:10:27:15 +0000] POST /internal/data/v1/notify-gateway HTTP/1.1 200 76 - Apache-HttpClient/4.5.14 (Java/25.0.2) 0.024
127.0.0.1 - - [08/Jun/2026:10:27:17 +0000] GET /carbon/admin/login.jsp HTTP/1.1 200 16258 - curl/8.5.0 0.017
127.0.0.1 - - [08/Jun/2026:10:27:45 +0000] POST /internal/data/v1/notify-gateway HTTP/1.1 200 76 - Apache-HttpClient/4.5.14 (Java/25.0.2) 0.032
127.0.0.1 - - [08/Jun/2026:10:27:47 +0000] GET /carbon/admin/login.jsp HTTP/1.1 200 16258 - curl/8.5.0 0.009
192.168.65.1 - - [08/Jun/2026:10:27:55 +0000] POST /api/am/devportal/v3/applications/000a6f2f-b3e8-4c91-9789-b388f72ee05b/oauth-keys/937c975a-3e72-46ab-a13f-ffed8819df27/clean-up HTTP/1.1 200 - https://localhost:9443/devportal/applications/000a6f2f-b3e8-4c91-9789-b388f72ee05b/productionkeys/oauth Mozilla/5.0 (Macintosh; Intel Mac OS X 10_15_7) AppleWebKit/537.36 (KHTML, like Gecko) Chrome/148.0.0.0 Safari/537.36 0.053
192.168.65.1 - - [08/Jun/2026:10:27:55 +0000] GET /api/am/devportal/v3/applications/000a6f2f-b3e8-4c91-9789-b388f72ee05b/oauth-keys HTTP/1.1 200 21 https://localhost:9443/devportal/applications/000a6f2f-b3e8-4c91-9789-b388f72ee05b/productionkeys/oauth Mozilla/5.0 (Macintosh; Intel Mac OS X 10_15_7) AppleWebKit/537.36 (KHTML, like Gecko) Chrome/148.0.0.0 Safari/537.36 0.011
127.0.0.1 - - [08/Jun/2026:10:27:55 +0000] GET /oauth2/token/.well-known/openid-configuration HTTP/1.1 200 2404 - Apache-HttpClient/4.5.14 (Java/25.0.2) 0.004
192.168.65.1 - - [08/Jun/2026:10:27:55 +0000] GET /api/am/devportal/v3/key-managers HTTP/1.1 200 1233 https://localhost:9443/devportal/applications/000a6f2f-b3e8-4c91-9789-b388f72ee05b/productionkeys/oauth Mozilla/5.0 (Macintosh; Intel Mac OS X 10_15_7) AppleWebKit/537.36 (KHTML, like Gecko) Chrome/148.0.0.0 Safari/537.36 0.046
192.168.65.1 - - [08/Jun/2026:10:27:55 +0000] GET /api/am/devportal/v3/swagger.yaml HTTP/1.1 200 36635 https://localhost:9443/devportal/applications/000a6f2f-b3e8-4c91-9789-b388f72ee05b/productionkeys/oauth Mozilla/5.0 (Macintosh; Intel Mac OS X 10_15_7) AppleWebKit/537.36 (KHTML, like Gecko) Chrome/148.0.0.0 Safari/537.36 0.010
192.168.65.1 - - [08/Jun/2026:10:27:55 +0000] GET /api/am/devportal/v3/swagger.yaml HTTP/1.1 200 36635 https://localhost:9443/devportal/applications/000a6f2f-b3e8-4c91-9789-b388f72ee05b/productionkeys/oauth Mozilla/5.0 (Macintosh; Intel Mac OS X 10_15_7) AppleWebKit/537.36 (KHTML, like Gecko) Chrome/148.0.0.0 Safari/537.36 0.022
192.168.65.1 - - [08/Jun/2026:10:27:55 +0000] GET /api/am/devportal/v3/applications/000a6f2f-b3e8-4c91-9789-b388f72ee05b HTTP/1.1 200 390 https://localhost:9443/devportal/applications/000a6f2f-b3e8-4c91-9789-b388f72ee05b/productionkeys/oauth Mozilla/5.0 (Macintosh; Intel Mac OS X 10_15_7) AppleWebKit/537.36 (KHTML, like Gecko) Chrome/148.0.0.0 Safari/537.36 0.005
192.168.65.1 - - [08/Jun/2026:10:27:55 +0000] GET /api/am/devportal/v3/applications/000a6f2f-b3e8-4c91-9789-b388f72ee05b/oauth-keys HTTP/1.1 200 21 https://localhost:9443/devportal/applications/000a6f2f-b3e8-4c91-9789-b388f72ee05b/productionkeys/oauth Mozilla/5.0 (Macintosh; Intel Mac OS X 10_15_7) AppleWebKit/537.36 (KHTML, like Gecko) Chrome/148.0.0.0 Safari/537.36 0.002
192.168.65.1 - - [08/Jun/2026:10:27:55 +0000] GET /api/am/devportal/v3/applications/000a6f2f-b3e8-4c91-9789-b388f72ee05b HTTP/1.1 200 390 https://localhost:9443/devportal/applications/000a6f2f-b3e8-4c91-9789-b388f72ee05b/productionkeys/oauth Mozilla/5.0 (Macintosh; Intel Mac OS X 10_15_7) AppleWebKit/537.36 (KHTML, like Gecko) Chrome/148.0.0.0 Safari/537.36 0.002
127.0.0.1 - - [08/Jun/2026:10:28:15 +0000] POST /internal/data/v1/notify-gateway HTTP/1.1 200 76 - Apache-HttpClient/4.5.14 (Java/25.0.2) 0.018
127.0.0.1 - - [08/Jun/2026:10:28:17 +0000] GET /carbon/admin/login.jsp HTTP/1.1 200 16259 - curl/8.5.0 0.013
192.168.65.1 - - [08/Jun/2026:10:28:20 +0000] POST /api/am/devportal/v3/applications/000a6f2f-b3e8-4c91-9789-b388f72ee05b/generate-keys HTTP/1.1 500 104 https://localhost:9443/devportal/applications/000a6f2f-b3e8-4c91-9789-b388f72ee05b/productionkeys/oauth Mozilla/5.0 (Macintosh; Intel Mac OS X 10_15_7) AppleWebKit/537.36 (KHTML, like Gecko) Chrome/148.0.0.0 Safari/537.36 0.103
192.168.65.1 - - [08/Jun/2026:10:28:20 +0000] - 400 - - - 0.000
192.168.65.1 - - [08/Jun/2026:10:28:20 +0000] GET /api/am/devportal/v3/applications/000a6f2f-b3e8-4c91-9789-b388f72ee05b/oauth-keys HTTP/1.1 200 376 https://localhost:9443/devportal/applications/000a6f2f-b3e8-4c91-9789-b388f72ee05b/productionkeys/oauth Mozilla/5.0 (Macintosh; Intel Mac OS X 10_15_7) AppleWebKit/537.36 (KHTML, like Gecko) Chrome/148.0.0.0 Safari/537.36 0.006
127.0.0.1 - - [08/Jun/2026:10:28:20 +0000] GET /oauth2/token/.well-known/openid-configuration HTTP/1.1 200 2404 - Apache-HttpClient/4.5.14 (Java/25.0.2) 0.003
192.168.65.1 - - [08/Jun/2026:10:28:20 +0000] GET /api/am/devportal/v3/key-managers HTTP/1.1 200 1233 https://localhost:9443/devportal/applications/000a6f2f-b3e8-4c91-9789-b388f72ee05b/productionkeys/oauth Mozilla/5.0 (Macintosh; Intel Mac OS X 10_15_7) AppleWebKit/537.36 (KHTML, like Gecko) Chrome/148.0.0.0 Safari/537.36 0.029
127.0.0.1 - - [08/Jun/2026:10:28:45 +0000] POST /internal/data/v1/notify-gateway HTTP/1.1 200 76 - Apache-HttpClient/4.5.14 (Java/25.0.2) 0.036
127.0.0.1 - - [08/Jun/2026:10:28:48 +0000] GET /carbon/admin/login.jsp HTTP/1.1 200 16259 - curl/8.5.0 0.017
127.0.0.1 - - [08/Jun/2026:10:29:15 +0000] POST /internal/data/v1/notify-gateway HTTP/1.1 200 76 - Apache-HttpClient/4.5.14 (Java/25.0.2) 0.033
127.0.0.1 - - [08/Jun/2026:10:29:18 +0000] GET /carbon/admin/login.jsp HTTP/1.1 200 16256 - curl/8.5.0 0.014
127.0.0.1 - - [08/Jun/2026:10:29:45 +0000] POST /internal/data/v1/notify-gateway HTTP/1.1 200 76 - Apache-HttpClient/4.5.14 (Java/25.0.2) 0.016
127.0.0.1 - - [08/Jun/2026:10:29:48 +0000] GET /carbon/admin/login.jsp HTTP/1.1 200 16258 - curl/8.5.0 0.009
127.0.0.1 - - [08/Jun/2026:10:30:15 +0000] POST /internal/data/v1/notify-gateway HTTP/1.1 200 76 - Apache-HttpClient/4.5.14 (Java/25.0.2) 0.023
127.0.0.1 - - [08/Jun/2026:10:30:18 +0000] GET /carbon/admin/login.jsp HTTP/1.1 200 16259 - curl/8.5.0 0.015
192.168.65.1 - - [08/Jun/2026:10:30:22 +0000] - 400 - - - 0.000
192.168.65.1 - - [08/Jun/2026:10:30:22 +0000] - 400 - - - 0.000
192.168.65.1 - - [08/Jun/2026:10:30:22 +0000] - 400 - - - 0.000
192.168.65.1 - - [08/Jun/2026:10:30:22 +0000] GET /api/am/admin/v4/organizations HTTP/1.1 200 21 https://localhost:9443/admin/settings/key-managers/3265dc6f-1952-404e-a0e6-69647d6b2a45 Mozilla/5.0 (Macintosh; Intel Mac OS X 10_15_7) AppleWebKit/537.36 (KHTML, like Gecko) Chrome/148.0.0.0 Safari/537.36 0.034
192.168.65.1 - - [08/Jun/2026:10:30:22 +0000] GET /api/am/admin/v4/key-managers/3265dc6f-1952-404e-a0e6-69647d6b2a45 HTTP/1.1 200 689 https://localhost:9443/admin/settings/key-managers/3265dc6f-1952-404e-a0e6-69647d6b2a45 Mozilla/5.0 (Macintosh; Intel Mac OS X 10_15_7) AppleWebKit/537.36 (KHTML, like Gecko) Chrome/148.0.0.0 Safari/537.36 0.037
192.168.65.1 - - [08/Jun/2026:10:30:34 +0000] PUT /api/am/admin/v4/key-managers/3265dc6f-1952-404e-a0e6-69647d6b2a45 HTTP/1.1 200 713 https://localhost:9443/admin/settings/key-managers/3265dc6f-1952-404e-a0e6-69647d6b2a45 Mozilla/5.0 (Macintosh; Intel Mac OS X 10_15_7) AppleWebKit/537.36 (KHTML, like Gecko) Chrome/148.0.0.0 Safari/537.36 0.069
192.168.65.1 - - [08/Jun/2026:10:30:34 +0000] GET /api/am/admin/v4/global-key-managers HTTP/1.1 200 21 https://localhost:9443/admin/settings/key-managers/ Mozilla/5.0 (Macintosh; Intel Mac OS X 10_15_7) AppleWebKit/537.36 (KHTML, like Gecko) Chrome/148.0.0.0 Safari/537.36 0.010
127.0.0.1 - - [08/Jun/2026:10:30:34 +0000] GET /oauth2/token/.well-known/openid-configuration HTTP/1.1 200 2404 - Apache-HttpClient/4.5.14 (Java/25.0.2) 0.003
192.168.65.1 - - [08/Jun/2026:10:30:34 +0000] GET /api/am/admin/v4/key-managers HTTP/1.1 200 412 https://localhost:9443/admin/settings/key-managers/ Mozilla/5.0 (Macintosh; Intel Mac OS X 10_15_7) AppleWebKit/537.36 (KHTML, like Gecko) Chrome/148.0.0.0 Safari/537.36 0.041
192.168.65.1 - - [08/Jun/2026:10:30:41 +0000] POST /api/am/devportal/v3/applications/000a6f2f-b3e8-4c91-9789-b388f72ee05b/oauth-keys/6898bb1c-d3ea-4a69-ae26-6dfa1e55ac18/clean-up HTTP/1.1 200 - https://localhost:9443/devportal/applications/000a6f2f-b3e8-4c91-9789-b388f72ee05b/productionkeys/oauth Mozilla/5.0 (Macintosh; Intel Mac OS X 10_15_7) AppleWebKit/537.36 (KHTML, like Gecko) Chrome/148.0.0.0 Safari/537.36 0.020
192.168.65.1 - - [08/Jun/2026:10:30:41 +0000] GET /api/am/devportal/v3/applications/000a6f2f-b3e8-4c91-9789-b388f72ee05b/oauth-keys HTTP/1.1 200 21 https://localhost:9443/devportal/applications/000a6f2f-b3e8-4c91-9789-b388f72ee05b/productionkeys/oauth Mozilla/5.0 (Macintosh; Intel Mac OS X 10_15_7) AppleWebKit/537.36 (KHTML, like Gecko) Chrome/148.0.0.0 Safari/537.36 0.005
127.0.0.1 - - [08/Jun/2026:10:30:41 +0000] GET /oauth2/token/.well-known/openid-configuration HTTP/1.1 200 2404 - Apache-HttpClient/4.5.14 (Java/25.0.2) 0.003
192.168.65.1 - - [08/Jun/2026:10:30:41 +0000] GET /api/am/devportal/v3/key-managers HTTP/1.1 200 1233 https://localhost:9443/devportal/applications/000a6f2f-b3e8-4c91-9789-b388f72ee05b/productionkeys/oauth Mozilla/5.0 (Macintosh; Intel Mac OS X 10_15_7) AppleWebKit/537.36 (KHTML, like Gecko) Chrome/148.0.0.0 Safari/537.36 0.033
192.168.65.1 - - [08/Jun/2026:10:30:41 +0000] GET /api/am/devportal/v3/swagger.yaml HTTP/1.1 200 36635 https://localhost:9443/devportal/applications/000a6f2f-b3e8-4c91-9789-b388f72ee05b/productionkeys/oauth Mozilla/5.0 (Macintosh; Intel Mac OS X 10_15_7) AppleWebKit/537.36 (KHTML, like Gecko) Chrome/148.0.0.0 Safari/537.36 0.009
192.168.65.1 - - [08/Jun/2026:10:30:41 +0000] GET /api/am/devportal/v3/swagger.yaml HTTP/1.1 200 36635 https://localhost:9443/devportal/applications/000a6f2f-b3e8-4c91-9789-b388f72ee05b/productionkeys/oauth Mozilla/5.0 (Macintosh; Intel Mac OS X 10_15_7) AppleWebKit/537.36 (KHTML, like Gecko) Chrome/148.0.0.0 Safari/537.36 0.012
192.168.65.1 - - [08/Jun/2026:10:30:41 +0000] GET /api/am/devportal/v3/applications/000a6f2f-b3e8-4c91-9789-b388f72ee05b HTTP/1.1 200 390 https://localhost:9443/devportal/applications/000a6f2f-b3e8-4c91-9789-b388f72ee05b/productionkeys/oauth Mozilla/5.0 (Macintosh; Intel Mac OS X 10_15_7) AppleWebKit/537.36 (KHTML, like Gecko) Chrome/148.0.0.0 Safari/537.36 0.003
192.168.65.1 - - [08/Jun/2026:10:30:41 +0000] GET /api/am/devportal/v3/applications/000a6f2f-b3e8-4c91-9789-b388f72ee05b HTTP/1.1 200 390 https://localhost:9443/devportal/applications/000a6f2f-b3e8-4c91-9789-b388f72ee05b/productionkeys/oauth Mozilla/5.0 (Macintosh; Intel Mac OS X 10_15_7) AppleWebKit/537.36 (KHTML, like Gecko) Chrome/148.0.0.0 Safari/537.36 0.004
192.168.65.1 - - [08/Jun/2026:10:30:41 +0000] GET /api/am/devportal/v3/applications/000a6f2f-b3e8-4c91-9789-b388f72ee05b/oauth-keys HTTP/1.1 200 21 https://localhost:9443/devportal/applications/000a6f2f-b3e8-4c91-9789-b388f72ee05b/productionkeys/oauth Mozilla/5.0 (Macintosh; Intel Mac OS X 10_15_7) AppleWebKit/537.36 (KHTML, like Gecko) Chrome/148.0.0.0 Safari/537.36 0.002
192.168.65.1 - - [08/Jun/2026:10:30:44 +0000] POST /api/am/devportal/v3/applications/000a6f2f-b3e8-4c91-9789-b388f72ee05b/generate-keys HTTP/1.1 500 104 https://localhost:9443/devportal/applications/000a6f2f-b3e8-4c91-9789-b388f72ee05b/productionkeys/oauth Mozilla/5.0 (Macintosh; Intel Mac OS X 10_15_7) AppleWebKit/537.36 (KHTML, like Gecko) Chrome/148.0.0.0 Safari/537.36 0.065
192.168.65.1 - - [08/Jun/2026:10:30:44 +0000] - 400 - - - 0.000
192.168.65.1 - - [08/Jun/2026:10:30:44 +0000] GET /api/am/devportal/v3/applications/000a6f2f-b3e8-4c91-9789-b388f72ee05b/oauth-keys HTTP/1.1 200 376 https://localhost:9443/devportal/applications/000a6f2f-b3e8-4c91-9789-b388f72ee05b/productionkeys/oauth Mozilla/5.0 (Macintosh; Intel Mac OS X 10_15_7) AppleWebKit/537.36 (KHTML, like Gecko) Chrome/148.0.0.0 Safari/537.36 0.005
127.0.0.1 - - [08/Jun/2026:10:30:44 +0000] GET /oauth2/token/.well-known/openid-configuration HTTP/1.1 200 2404 - Apache-HttpClient/4.5.14 (Java/25.0.2) 0.005
192.168.65.1 - - [08/Jun/2026:10:30:44 +0000] GET /api/am/devportal/v3/key-managers HTTP/1.1 200 1233 https://localhost:9443/devportal/applications/000a6f2f-b3e8-4c91-9789-b388f72ee05b/productionkeys/oauth Mozilla/5.0 (Macintosh; Intel Mac OS X 10_15_7) AppleWebKit/537.36 (KHTML, like Gecko) Chrome/148.0.0.0 Safari/537.36 0.030
127.0.0.1 - - [08/Jun/2026:10:30:45 +0000] POST /internal/data/v1/notify-gateway HTTP/1.1 200 76 - Apache-HttpClient/4.5.14 (Java/25.0.2) 0.015
127.0.0.1 - - [08/Jun/2026:10:30:48 +0000] GET /carbon/admin/login.jsp HTTP/1.1 200 16259 - curl/8.5.0 0.022
192.168.65.1 - - [08/Jun/2026:10:31:01 +0000] POST /api/am/devportal/v3/applications/000a6f2f-b3e8-4c91-9789-b388f72ee05b/oauth-keys/913ed2e7-9238-4689-9bcc-de002cb4ec44/clean-up HTTP/1.1 200 - https://localhost:9443/devportal/applications/000a6f2f-b3e8-4c91-9789-b388f72ee05b/productionkeys/oauth Mozilla/5.0 (Macintosh; Intel Mac OS X 10_15_7) AppleWebKit/537.36 (KHTML, like Gecko) Chrome/148.0.0.0 Safari/537.36 0.024
192.168.65.1 - - [08/Jun/2026:10:31:01 +0000] GET /api/am/devportal/v3/applications/000a6f2f-b3e8-4c91-9789-b388f72ee05b/oauth-keys HTTP/1.1 200 21 https://localhost:9443/devportal/applications/000a6f2f-b3e8-4c91-9789-b388f72ee05b/productionkeys/oauth Mozilla/5.0 (Macintosh; Intel Mac OS X 10_15_7) AppleWebKit/537.36 (KHTML, like Gecko) Chrome/148.0.0.0 Safari/537.36 0.006
127.0.0.1 - - [08/Jun/2026:10:31:01 +0000] GET /oauth2/token/.well-known/openid-configuration HTTP/1.1 200 2404 - Apache-HttpClient/4.5.14 (Java/25.0.2) 0.005
192.168.65.1 - - [08/Jun/2026:10:31:01 +0000] GET /api/am/devportal/v3/key-managers HTTP/1.1 200 1233 https://localhost:9443/devportal/applications/000a6f2f-b3e8-4c91-9789-b388f72ee05b/productionkeys/oauth Mozilla/5.0 (Macintosh; Intel Mac OS X 10_15_7) AppleWebKit/537.36 (KHTML, like Gecko) Chrome/148.0.0.0 Safari/537.36 0.033
192.168.65.1 - - [08/Jun/2026:10:31:01 +0000] GET /api/am/devportal/v3/swagger.yaml HTTP/1.1 200 36635 https://localhost:9443/devportal/applications/000a6f2f-b3e8-4c91-9789-b388f72ee05b/productionkeys/oauth Mozilla/5.0 (Macintosh; Intel Mac OS X 10_15_7) AppleWebKit/537.36 (KHTML, like Gecko) Chrome/148.0.0.0 Safari/537.36 0.008
192.168.65.1 - - [08/Jun/2026:10:31:01 +0000] GET /api/am/devportal/v3/swagger.yaml HTTP/1.1 200 36635 https://localhost:9443/devportal/applications/000a6f2f-b3e8-4c91-9789-b388f72ee05b/productionkeys/oauth Mozilla/5.0 (Macintosh; Intel Mac OS X 10_15_7) AppleWebKit/537.36 (KHTML, like Gecko) Chrome/148.0.0.0 Safari/537.36 0.020
192.168.65.1 - - [08/Jun/2026:10:31:01 +0000] GET /api/am/devportal/v3/applications/000a6f2f-b3e8-4c91-9789-b388f72ee05b HTTP/1.1 200 390 https://localhost:9443/devportal/applications/000a6f2f-b3e8-4c91-9789-b388f72ee05b/productionkeys/oauth Mozilla/5.0 (Macintosh; Intel Mac OS X 10_15_7) AppleWebKit/537.36 (KHTML, like Gecko) Chrome/148.0.0.0 Safari/537.36 0.005
192.168.65.1 - - [08/Jun/2026:10:31:01 +0000] GET /api/am/devportal/v3/applications/000a6f2f-b3e8-4c91-9789-b388f72ee05b/oauth-keys HTTP/1.1 200 21 https://localhost:9443/devportal/applications/000a6f2f-b3e8-4c91-9789-b388f72ee05b/productionkeys/oauth Mozilla/5.0 (Macintosh; Intel Mac OS X 10_15_7) AppleWebKit/537.36 (KHTML, like Gecko) Chrome/148.0.0.0 Safari/537.36 0.002
192.168.65.1 - - [08/Jun/2026:10:31:01 +0000] GET /api/am/devportal/v3/applications/000a6f2f-b3e8-4c91-9789-b388f72ee05b HTTP/1.1 200 390 https://localhost:9443/devportal/applications/000a6f2f-b3e8-4c91-9789-b388f72ee05b/productionkeys/oauth Mozilla/5.0 (Macintosh; Intel Mac OS X 10_15_7) AppleWebKit/537.36 (KHTML, like Gecko) Chrome/148.0.0.0 Safari/537.36 0.003
192.168.65.1 - - [08/Jun/2026:10:31:03 +0000] POST /api/am/devportal/v3/applications/000a6f2f-b3e8-4c91-9789-b388f72ee05b/generate-keys HTTP/1.1 500 104 https://localhost:9443/devportal/applications/000a6f2f-b3e8-4c91-9789-b388f72ee05b/productionkeys/oauth Mozilla/5.0 (Macintosh; Intel Mac OS X 10_15_7) AppleWebKit/537.36 (KHTML, like Gecko) Chrome/148.0.0.0 Safari/537.36 0.060
192.168.65.1 - - [08/Jun/2026:10:31:03 +0000] - 400 - - - 0.000
192.168.65.1 - - [08/Jun/2026:10:31:03 +0000] GET /api/am/devportal/v3/applications/000a6f2f-b3e8-4c91-9789-b388f72ee05b/oauth-keys HTTP/1.1 200 376 https://localhost:9443/devportal/applications/000a6f2f-b3e8-4c91-9789-b388f72ee05b/productionkeys/oauth Mozilla/5.0 (Macintosh; Intel Mac OS X 10_15_7) AppleWebKit/537.36 (KHTML, like Gecko) Chrome/148.0.0.0 Safari/537.36 0.005
127.0.0.1 - - [08/Jun/2026:10:31:03 +0000] GET /oauth2/token/.well-known/openid-configuration HTTP/1.1 200 2404 - Apache-HttpClient/4.5.14 (Java/25.0.2) 0.003
192.168.65.1 - - [08/Jun/2026:10:31:03 +0000] GET /api/am/devportal/v3/key-managers HTTP/1.1 200 1233 https://localhost:9443/devportal/applications/000a6f2f-b3e8-4c91-9789-b388f72ee05b/productionkeys/oauth Mozilla/5.0 (Macintosh; Intel Mac OS X 10_15_7) AppleWebKit/537.36 (KHTML, like Gecko) Chrome/148.0.0.0 Safari/537.36 0.023
127.0.0.1 - - [08/Jun/2026:10:31:15 +0000] POST /internal/data/v1/notify-gateway HTTP/1.1 200 76 - Apache-HttpClient/4.5.14 (Java/25.0.2) 0.017
127.0.0.1 - - [08/Jun/2026:10:31:18 +0000] GET /carbon/admin/login.jsp HTTP/1.1 200 16258 - curl/8.5.0 0.015
127.0.0.1 - - [08/Jun/2026:10:31:45 +0000] POST /internal/data/v1/notify-gateway HTTP/1.1 200 76 - Apache-HttpClient/4.5.14 (Java/25.0.2) 0.034
127.0.0.1 - - [08/Jun/2026:10:31:48 +0000] GET /carbon/admin/login.jsp HTTP/1.1 200 16259 - curl/8.5.0 0.025
127.0.0.1 - - [08/Jun/2026:10:32:15 +0000] POST /internal/data/v1/notify-gateway HTTP/1.1 200 76 - Apache-HttpClient/4.5.14 (Java/25.0.2) 0.009
127.0.0.1 - - [08/Jun/2026:10:32:18 +0000] GET /carbon/admin/login.jsp HTTP/1.1 200 16257 - curl/8.5.0 0.010
127.0.0.1 - - [08/Jun/2026:10:32:45 +0000] POST /internal/data/v1/notify-gateway HTTP/1.1 200 76 - Apache-HttpClient/4.5.14 (Java/25.0.2) 0.016
127.0.0.1 - - [08/Jun/2026:10:32:48 +0000] GET /carbon/admin/login.jsp HTTP/1.1 200 16259 - curl/8.5.0 0.018
127.0.0.1 - - [08/Jun/2026:10:33:15 +0000] POST /internal/data/v1/notify-gateway HTTP/1.1 200 76 - Apache-HttpClient/4.5.14 (Java/25.0.2) 0.042
192.168.65.1 - - [08/Jun/2026:10:33:18 +0000] - 400 - - - 0.000
192.168.65.1 - - [08/Jun/2026:10:33:18 +0000] - 400 - - - 0.000
192.168.65.1 - - [08/Jun/2026:10:33:18 +0000] GET /api/am/admin/v4/organizations HTTP/1.1 200 21 https://localhost:9443/admin/settings/key-managers/3265dc6f-1952-404e-a0e6-69647d6b2a45 Mozilla/5.0 (Macintosh; Intel Mac OS X 10_15_7) AppleWebKit/537.36 (KHTML, like Gecko) Chrome/148.0.0.0 Safari/537.36 0.023
192.168.65.1 - - [08/Jun/2026:10:33:18 +0000] GET /api/am/admin/v4/key-managers/3265dc6f-1952-404e-a0e6-69647d6b2a45 HTTP/1.1 200 689 https://localhost:9443/admin/settings/key-managers/3265dc6f-1952-404e-a0e6-69647d6b2a45 Mozilla/5.0 (Macintosh; Intel Mac OS X 10_15_7) AppleWebKit/537.36 (KHTML, like Gecko) Chrome/148.0.0.0 Safari/537.36 0.024
127.0.0.1 - - [08/Jun/2026:10:33:18 +0000] GET /carbon/admin/login.jsp HTTP/1.1 200 16258 - curl/8.5.0 0.014
127.0.0.1 - - [08/Jun/2026:10:33:45 +0000] POST /internal/data/v1/notify-gateway HTTP/1.1 200 76 - Apache-HttpClient/4.5.14 (Java/25.0.2) 0.010
127.0.0.1 - - [08/Jun/2026:10:33:49 +0000] GET /carbon/admin/login.jsp HTTP/1.1 200 16258 - curl/8.5.0 0.006
192.168.65.1 - - [08/Jun/2026:10:33:53 +0000] PUT /api/am/admin/v4/key-managers/3265dc6f-1952-404e-a0e6-69647d6b2a45 HTTP/1.1 200 713 https://localhost:9443/admin/settings/key-managers/3265dc6f-1952-404e-a0e6-69647d6b2a45 Mozilla/5.0 (Macintosh; Intel Mac OS X 10_15_7) AppleWebKit/537.36 (KHTML, like Gecko) Chrome/148.0.0.0 Safari/537.36 0.034
192.168.65.1 - - [08/Jun/2026:10:33:53 +0000] GET /api/am/admin/v4/global-key-managers HTTP/1.1 200 21 https://localhost:9443/admin/settings/key-managers/ Mozilla/5.0 (Macintosh; Intel Mac OS X 10_15_7) AppleWebKit/537.36 (KHTML, like Gecko) Chrome/148.0.0.0 Safari/537.36 0.012
127.0.0.1 - - [08/Jun/2026:10:33:53 +0000] GET /oauth2/token/.well-known/openid-configuration HTTP/1.1 200 2404 - Apache-HttpClient/4.5.14 (Java/25.0.2) 0.008
192.168.65.1 - - [08/Jun/2026:10:33:53 +0000] GET /api/am/admin/v4/key-managers HTTP/1.1 200 412 https://localhost:9443/admin/settings/key-managers/ Mozilla/5.0 (Macintosh; Intel Mac OS X 10_15_7) AppleWebKit/537.36 (KHTML, like Gecko) Chrome/148.0.0.0 Safari/537.36 0.056
192.168.65.1 - - [08/Jun/2026:10:33:57 +0000] POST /api/am/devportal/v3/applications/000a6f2f-b3e8-4c91-9789-b388f72ee05b/oauth-keys/be5512ba-cc56-4b55-a577-2c2390d0ed9d/clean-up HTTP/1.1 200 - https://localhost:9443/devportal/applications/000a6f2f-b3e8-4c91-9789-b388f72ee05b/productionkeys/oauth Mozilla/5.0 (Macintosh; Intel Mac OS X 10_15_7) AppleWebKit/537.36 (KHTML, like Gecko) Chrome/148.0.0.0 Safari/537.36 0.016
192.168.65.1 - - [08/Jun/2026:10:33:57 +0000] GET /api/am/devportal/v3/applications/000a6f2f-b3e8-4c91-9789-b388f72ee05b/oauth-keys HTTP/1.1 200 21 https://localhost:9443/devportal/applications/000a6f2f-b3e8-4c91-9789-b388f72ee05b/productionkeys/oauth Mozilla/5.0 (Macintosh; Intel Mac OS X 10_15_7) AppleWebKit/537.36 (KHTML, like Gecko) Chrome/148.0.0.0 Safari/537.36 0.007
127.0.0.1 - - [08/Jun/2026:10:33:57 +0000] GET /oauth2/token/.well-known/openid-configuration HTTP/1.1 200 2404 - Apache-HttpClient/4.5.14 (Java/25.0.2) 0.003
192.168.65.1 - - [08/Jun/2026:10:33:57 +0000] GET /api/am/devportal/v3/key-managers HTTP/1.1 200 1233 https://localhost:9443/devportal/applications/000a6f2f-b3e8-4c91-9789-b388f72ee05b/productionkeys/oauth Mozilla/5.0 (Macintosh; Intel Mac OS X 10_15_7) AppleWebKit/537.36 (KHTML, like Gecko) Chrome/148.0.0.0 Safari/537.36 0.027
192.168.65.1 - - [08/Jun/2026:10:33:57 +0000] GET /api/am/devportal/v3/swagger.yaml HTTP/1.1 200 36635 https://localhost:9443/devportal/applications/000a6f2f-b3e8-4c91-9789-b388f72ee05b/productionkeys/oauth Mozilla/5.0 (Macintosh; Intel Mac OS X 10_15_7) AppleWebKit/537.36 (KHTML, like Gecko) Chrome/148.0.0.0 Safari/537.36 0.062
